mode: set
daily-tasks/internal/backend_webdav.go:31.66,37.2 1 1
daily-tasks/internal/backend_webdav.go:39.51,40.21 1 1
daily-tasks/internal/backend_webdav.go:40.21,42.3 1 0
daily-tasks/internal/backend_webdav.go:43.2,43.48 1 1
daily-tasks/internal/backend_webdav.go:47.60,48.13 1 1
daily-tasks/internal/backend_webdav.go:49.15,50.24 1 1
daily-tasks/internal/backend_webdav.go:51.18,52.47 1 1
daily-tasks/internal/backend_webdav.go:53.10,54.63 1 0
daily-tasks/internal/backend_webdav.go:59.57,61.16 2 1
daily-tasks/internal/backend_webdav.go:61.16,63.3 1 0
daily-tasks/internal/backend_webdav.go:64.2,65.16 2 1
daily-tasks/internal/backend_webdav.go:65.16,67.3 1 0
daily-tasks/internal/backend_webdav.go:68.2,71.16 3 1
daily-tasks/internal/backend_webdav.go:71.16,73.3 1 0
daily-tasks/internal/backend_webdav.go:74.2,76.44 2 1
daily-tasks/internal/backend_webdav.go:76.44,78.3 1 1
daily-tasks/internal/backend_webdav.go:79.2,79.53 1 1
daily-tasks/internal/backend_webdav.go:79.53,81.3 1 1
daily-tasks/internal/backend_webdav.go:82.2,83.16 2 1
daily-tasks/internal/backend_webdav.go:83.16,85.3 1 0
daily-tasks/internal/backend_webdav.go:86.2,86.62 1 1
daily-tasks/internal/backend_webdav.go:90.77,92.16 2 1
daily-tasks/internal/backend_webdav.go:92.16,94.3 1 0
daily-tasks/internal/backend_webdav.go:95.2,96.16 2 1
daily-tasks/internal/backend_webdav.go:96.16,98.3 1 0
daily-tasks/internal/backend_webdav.go:99.2,104.16 5 1
daily-tasks/internal/backend_webdav.go:104.16,106.3 1 0
daily-tasks/internal/backend_webdav.go:107.2,109.54 2 1
daily-tasks/internal/backend_webdav.go:109.54,111.3 1 1
daily-tasks/internal/backend_webdav.go:112.2,112.53 1 1
daily-tasks/internal/backend_webdav.go:112.53,114.3 1 1
daily-tasks/internal/backend_webdav.go:115.2,115.12 1 1
daily-tasks/internal/backend_webdav.go:120.58,121.17 1 1
daily-tasks/internal/backend_webdav.go:122.10,122.10 0 1
daily-tasks/internal/backend_webdav.go:124.22,125.39 1 1
daily-tasks/internal/backend_webdav.go:126.10,127.38 1 1
daily-tasks/internal/backend_webdav.go:134.47,136.16 2 1
daily-tasks/internal/backend_webdav.go:136.16,138.3 1 0
daily-tasks/internal/backend_webdav.go:139.2,140.15 2 1
daily-tasks/internal/backend_webdav.go:140.15,142.3 1 1
daily-tasks/internal/backend_webdav.go:142.8,145.3 2 1
daily-tasks/internal/backend_webdav.go:146.2,146.24 1 1
daily-tasks/internal/backend_webdav.go:152.50,154.16 2 1
daily-tasks/internal/backend_webdav.go:154.16,156.3 1 0
daily-tasks/internal/backend_webdav.go:157.2,157.80 1 1
daily-tasks/internal/backend_webdav.go:157.80,159.3 1 1
daily-tasks/internal/backend_webdav.go:160.2,164.8 1 1
daily-tasks/internal/backend_webdav.go:170.30,173.2 2 1
daily-tasks/internal/backend_webdav.go:175.49,178.33 3 1
daily-tasks/internal/backend_webdav.go:178.33,180.3 1 0
daily-tasks/internal/backend_webdav.go:181.2,181.18 1 1
daily-tasks/internal/config.go:35.42,36.82 1 1
daily-tasks/internal/config.go:36.82,38.3 1 1
daily-tasks/internal/config.go:40.2,41.16 2 1
daily-tasks/internal/config.go:41.16,43.3 1 0
daily-tasks/internal/config.go:44.2,44.68 1 1
daily-tasks/internal/config.go:47.49,49.21 2 1
daily-tasks/internal/config.go:49.21,51.3 1 0
daily-tasks/internal/config.go:52.2,52.84 1 1
daily-tasks/internal/config.go:55.44,57.15 2 1
daily-tasks/internal/config.go:57.15,59.3 1 1
daily-tasks/internal/config.go:60.2,61.60 2 1
daily-tasks/internal/config.go:61.60,63.3 1 0
daily-tasks/internal/config.go:64.2,68.48 5 1
daily-tasks/internal/config.go:71.50,76.69 5 1
daily-tasks/internal/config.go:76.69,78.3 1 1
daily-tasks/internal/config.go:80.2,80.21 1 1
daily-tasks/internal/config.go:81.20,82.36 1 1
daily-tasks/internal/config.go:83.24,83.24 0 1
daily-tasks/internal/config.go:85.10,87.36 2 0
daily-tasks/internal/config.go:90.2,90.12 1 1
daily-tasks/internal/config.go:93.52,95.16 2 1
daily-tasks/internal/config.go:95.16,96.25 1 1
daily-tasks/internal/config.go:96.25,98.4 1 1
daily-tasks/internal/config.go:99.3,99.26 1 0
daily-tasks/internal/config.go:102.2,103.48 2 1
daily-tasks/internal/config.go:103.48,105.3 1 0
daily-tasks/internal/config.go:106.2,106.37 1 1
daily-tasks/internal/config.go:109.54,111.63 2 1
daily-tasks/internal/config.go:111.63,113.3 1 0
daily-tasks/internal/config.go:114.2,115.16 2 1
daily-tasks/internal/config.go:115.16,117.3 1 0
daily-tasks/internal/config.go:118.2,118.37 1 1
daily-tasks/internal/config.go:121.56,123.16 2 1
daily-tasks/internal/config.go:123.16,125.3 1 0
daily-tasks/internal/config.go:126.2,127.16 2 1
daily-tasks/internal/config.go:127.16,129.3 1 0
daily-tasks/internal/config.go:130.2,130.23 1 1
daily-tasks/internal/config.go:133.56,135.2 1 1
daily-tasks/internal/config.go:137.46,138.21 1 1
daily-tasks/internal/config.go:139.20,140.14 1 1
daily-tasks/internal/config.go:141.24,142.48 1 1
daily-tasks/internal/config.go:143.10,144.15 1 1
daily-tasks/internal/config.go:148.56,152.58 4 1
daily-tasks/internal/config.go:152.58,154.3 1 1
daily-tasks/internal/config.go:156.2,157.60 2 1
daily-tasks/internal/config.go:157.60,159.3 1 0
daily-tasks/internal/config.go:161.2,170.36 2 1
daily-tasks/internal/config.go:170.36,172.3 1 1
daily-tasks/internal/config.go:173.2,173.38 1 1
daily-tasks/internal/config.go:176.58,178.16 2 1
daily-tasks/internal/config.go:178.16,180.3 1 0
daily-tasks/internal/config.go:181.2,181.30 1 1
daily-tasks/internal/config.go:181.30,183.3 1 0
daily-tasks/internal/config.go:184.2,184.58 1 1
daily-tasks/internal/config.go:184.58,186.3 1 1
daily-tasks/internal/config.go:187.2,187.23 1 1
daily-tasks/internal/data.go:34.44,35.33 1 1
daily-tasks/internal/data.go:35.33,37.3 1 1
daily-tasks/internal/data.go:38.2,38.11 1 1
daily-tasks/internal/data.go:42.40,44.61 1 1
daily-tasks/internal/data.go:44.61,46.3 1 1
daily-tasks/internal/data.go:48.2,49.16 2 1
daily-tasks/internal/data.go:49.16,51.3 1 0
daily-tasks/internal/data.go:52.2,52.70 1 1
daily-tasks/internal/data.go:56.42,59.16 3 1
daily-tasks/internal/data.go:59.16,60.25 1 1
daily-tasks/internal/data.go:60.25,62.4 1 1
daily-tasks/internal/data.go:63.3,63.21 1 0
daily-tasks/internal/data.go:66.2,67.49 2 1
daily-tasks/internal/data.go:67.49,69.3 1 0
daily-tasks/internal/data.go:70.2,70.33 1 1
daily-tasks/internal/data.go:74.45,77.16 3 1
daily-tasks/internal/data.go:77.16,79.3 1 0
daily-tasks/internal/data.go:80.2,80.37 1 1
daily-tasks/internal/data.go:84.36,85.26 1 1
daily-tasks/internal/data.go:85.26,87.3 1 1
daily-tasks/internal/data.go:88.2,88.22 1 1
daily-tasks/internal/data.go:88.22,90.3 1 1
daily-tasks/internal/data.go:91.2,91.60 1 1
daily-tasks/internal/data.go:91.60,93.3 1 1
daily-tasks/internal/data.go:94.2,96.13 3 1
daily-tasks/internal/data.go:100.38,104.28 4 1
daily-tasks/internal/data.go:104.28,106.19 2 1
daily-tasks/internal/data.go:106.19,107.47 1 1
daily-tasks/internal/data.go:107.47,109.5 1 1
daily-tasks/internal/data.go:109.10,109.60 1 1
daily-tasks/internal/data.go:109.60,111.5 1 1
daily-tasks/internal/data.go:111.10,111.54 1 1
daily-tasks/internal/data.go:111.54,113.5 1 1
daily-tasks/internal/data.go:114.4,114.12 1 1
daily-tasks/internal/data.go:116.3,116.25 1 1
daily-tasks/internal/data.go:116.25,119.4 2 1
daily-tasks/internal/data.go:119.9,119.35 1 1
daily-tasks/internal/data.go:119.35,122.4 2 0
daily-tasks/internal/data.go:122.9,125.4 2 1
daily-tasks/internal/data.go:130.29,133.28 3 1
daily-tasks/internal/data.go:133.28,135.28 2 1
daily-tasks/internal/data.go:135.28,138.4 2 1
daily-tasks/internal/data.go:140.2,140.12 1 1
daily-tasks/internal/data.go:144.54,146.28 2 1
daily-tasks/internal/data.go:146.28,147.37 1 1
daily-tasks/internal/data.go:147.37,149.4 1 1
daily-tasks/internal/data.go:151.2,152.14 2 1
daily-tasks/internal/data.go:157.31,158.46 1 1
daily-tasks/internal/data.go:158.46,160.15 2 1
daily-tasks/internal/data.go:160.15,161.16 1 1
daily-tasks/internal/data.go:161.16,163.5 1 0
daily-tasks/internal/data.go:164.4,164.16 1 1
daily-tasks/internal/data.go:164.16,166.5 1 1
daily-tasks/internal/data.go:167.4,167.18 1 1
daily-tasks/internal/data.go:169.3,169.39 1 1
daily-tasks/internal/data.go:169.39,171.4 1 0
daily-tasks/internal/data.go:172.3,172.41 1 1
daily-tasks/internal/data.go:177.47,179.28 2 1
daily-tasks/internal/data.go:179.28,180.71 1 1
daily-tasks/internal/data.go:180.71,182.4 1 1
daily-tasks/internal/data.go:184.2,184.21 1 1
daily-tasks/internal/data.go:188.41,189.28 1 1
daily-tasks/internal/data.go:189.28,190.29 1 1
daily-tasks/internal/data.go:190.29,192.4 1 1
daily-tasks/internal/data.go:194.2,194.12 1 1
daily-tasks/internal/data.go:198.37,199.28 1 1
daily-tasks/internal/data.go:199.28,200.29 1 1
daily-tasks/internal/data.go:200.29,203.4 2 1
daily-tasks/internal/data.go:208.43,210.13 2 1
daily-tasks/internal/data.go:210.13,212.3 1 1
daily-tasks/internal/data.go:213.2,214.26 2 1
daily-tasks/internal/data.go:214.26,216.3 1 1
daily-tasks/internal/data.go:217.2,217.15 1 1
daily-tasks/internal/data.go:221.37,224.29 3 1
daily-tasks/internal/data.go:224.29,226.3 1 1
daily-tasks/internal/data.go:228.2,229.61 2 1
daily-tasks/internal/data.go:229.61,230.51 1 1
daily-tasks/internal/data.go:230.51,231.39 1 1
daily-tasks/internal/data.go:231.39,233.5 1 1
daily-tasks/internal/data.go:236.2,236.26 1 1
daily-tasks/internal/data.go:236.26,239.3 2 1
daily-tasks/internal/data.go:240.2,242.13 3 1
daily-tasks/internal/data.go:246.33,247.23 1 1
daily-tasks/internal/data.go:247.23,249.3 1 1
daily-tasks/internal/data.go:250.2,251.16 2 1
daily-tasks/internal/data.go:251.16,253.3 1 0
daily-tasks/internal/data.go:254.2,254.15 1 1
daily-tasks/internal/data.go:259.63,260.41 1 1
daily-tasks/internal/data.go:260.41,262.3 1 1
daily-tasks/internal/data.go:263.2,264.21 2 1
daily-tasks/internal/data.go:264.21,266.3 1 0
daily-tasks/internal/data.go:267.2,269.32 3 1
daily-tasks/internal/data.go:269.32,271.3 1 0
daily-tasks/internal/data.go:272.2,275.47 3 1
daily-tasks/internal/data.go:275.47,277.3 1 1
daily-tasks/internal/data.go:278.2,278.14 1 1
daily-tasks/internal/data.go:278.14,280.3 1 1
daily-tasks/internal/data.go:281.2,281.39 1 1
daily-tasks/internal/data.go:284.45,286.19 2 1
daily-tasks/internal/data.go:286.19,288.3 1 1
daily-tasks/internal/data.go:289.2,291.12 3 1
daily-tasks/internal/data.go:291.12,293.3 1 1
daily-tasks/internal/data.go:294.2,294.55 1 1
daily-tasks/internal/data.go:299.55,300.28 1 1
daily-tasks/internal/data.go:300.28,302.3 1 1
daily-tasks/internal/data.go:303.2,304.33 2 1
daily-tasks/internal/data.go:304.33,305.15 1 1
daily-tasks/internal/data.go:305.15,307.4 1 1
daily-tasks/internal/data.go:309.2,309.14 1 1
daily-tasks/internal/data.go:313.38,315.2 1 1
daily-tasks/internal/data.go:318.64,320.26 2 1
daily-tasks/internal/data.go:320.26,321.29 1 1
daily-tasks/internal/data.go:321.29,323.4 1 1
daily-tasks/internal/data.go:325.2,325.15 1 1
daily-tasks/internal/data.go:329.57,331.16 2 1
daily-tasks/internal/data.go:331.16,333.3 1 1
daily-tasks/internal/data.go:334.2,334.25 1 1
daily-tasks/internal/data.go:338.38,339.17 1 1
daily-tasks/internal/data.go:339.17,341.3 1 1
daily-tasks/internal/data.go:342.2,342.13 1 1
daily-tasks/internal/data.go:342.13,344.3 1 1
daily-tasks/internal/data.go:345.2,345.19 1 1
daily-tasks/internal/data.go:345.19,347.3 1 1
daily-tasks/internal/data.go:348.2,348.12 1 1
daily-tasks/internal/history.go:90.42,92.15 2 1
daily-tasks/internal/history.go:92.15,94.3 1 1
daily-tasks/internal/history.go:95.2,96.32 2 1
daily-tasks/internal/history.go:99.52,102.16 3 1
daily-tasks/internal/history.go:102.16,103.25 1 1
daily-tasks/internal/history.go:103.25,105.4 1 1
daily-tasks/internal/history.go:106.3,106.24 1 0
daily-tasks/internal/history.go:109.2,110.52 2 1
daily-tasks/internal/history.go:110.52,112.3 1 0
daily-tasks/internal/history.go:113.2,113.26 1 1
daily-tasks/internal/history.go:113.26,115.3 1 0
daily-tasks/internal/history.go:116.2,117.21 2 1
daily-tasks/internal/history.go:120.58,126.16 5 1
daily-tasks/internal/history.go:126.16,128.3 1 0
daily-tasks/internal/history.go:129.2,129.54 1 1
daily-tasks/internal/history.go:132.80,134.14 2 1
daily-tasks/internal/history.go:134.14,136.3 1 1
daily-tasks/internal/history.go:137.2,137.26 1 1
daily-tasks/internal/history.go:137.26,139.3 1 1
daily-tasks/internal/history.go:140.2,140.49 1 1
daily-tasks/internal/history.go:140.49,142.3 1 1
daily-tasks/internal/history.go:143.2,144.16 2 1
daily-tasks/internal/history.go:147.45,148.20 1 1
daily-tasks/internal/history.go:148.20,150.3 1 1
daily-tasks/internal/history.go:151.2,151.20 1 1
daily-tasks/internal/history.go:151.20,153.3 1 0
daily-tasks/internal/history.go:154.2,156.92 3 1
daily-tasks/internal/history.go:156.92,158.3 1 1
daily-tasks/internal/history.go:159.2,159.24 1 1
daily-tasks/internal/history.go:159.24,160.45 1 1
daily-tasks/internal/history.go:160.45,162.4 1 1
daily-tasks/internal/history.go:164.2,164.26 1 1
daily-tasks/internal/history.go:164.26,165.33 1 1
daily-tasks/internal/history.go:165.33,167.4 1 0
daily-tasks/internal/history.go:169.2,169.13 1 1
daily-tasks/internal/history.go:172.52,173.24 1 1
daily-tasks/internal/history.go:173.24,175.3 1 1
daily-tasks/internal/history.go:176.2,176.25 1 1
daily-tasks/internal/history.go:176.25,178.3 1 1
daily-tasks/internal/history.go:179.2,184.57 3 1
daily-tasks/internal/history.go:184.57,186.130 2 1
daily-tasks/internal/history.go:186.130,193.4 2 1
daily-tasks/internal/history.go:195.2,195.29 1 1
daily-tasks/internal/history.go:195.29,197.3 1 1
daily-tasks/internal/history.go:199.2,200.63 2 1
daily-tasks/internal/history.go:200.63,212.34 2 1
daily-tasks/internal/history.go:212.34,214.4 1 1
daily-tasks/internal/history.go:216.2,216.33 1 1
daily-tasks/internal/history.go:216.33,218.3 1 1
daily-tasks/internal/history.go:220.2,220.40 1 1
daily-tasks/internal/history.go:220.40,222.3 1 1
daily-tasks/internal/history.go:223.2,223.41 1 1
daily-tasks/internal/history.go:223.41,225.3 1 1
daily-tasks/internal/history.go:226.2,227.15 2 1
daily-tasks/internal/history.go:230.62,232.16 2 1
daily-tasks/internal/history.go:232.16,234.3 1 0
daily-tasks/internal/history.go:235.2,235.77 1 1
daily-tasks/internal/history.go:235.77,237.3 1 1
daily-tasks/internal/history.go:238.2,238.12 1 1
daily-tasks/internal/history.go:241.69,245.60 3 1
daily-tasks/internal/history.go:245.60,247.3 1 0
daily-tasks/internal/history.go:249.2,250.16 2 1
daily-tasks/internal/history.go:250.16,252.3 1 0
daily-tasks/internal/history.go:254.2,257.38 4 1
daily-tasks/internal/history.go:257.38,259.3 1 1
daily-tasks/internal/history.go:260.2,263.58 3 1
daily-tasks/internal/history.go:263.58,265.3 1 0
daily-tasks/internal/history.go:266.2,266.39 1 1
daily-tasks/internal/history.go:269.87,271.16 2 1
daily-tasks/internal/history.go:271.16,273.3 1 0
daily-tasks/internal/history.go:275.2,276.49 2 1
daily-tasks/internal/history.go:276.49,277.61 1 1
daily-tasks/internal/history.go:277.61,279.4 1 0
daily-tasks/internal/history.go:282.2,282.52 1 1
daily-tasks/internal/history.go:285.68,289.35 3 1
daily-tasks/internal/history.go:289.35,290.36 1 1
daily-tasks/internal/history.go:290.36,291.12 1 0
daily-tasks/internal/history.go:293.3,293.32 1 1
daily-tasks/internal/history.go:293.32,294.12 1 0
daily-tasks/internal/history.go:296.3,296.35 1 1
daily-tasks/internal/history.go:299.2,311.31 4 1
daily-tasks/internal/history.go:311.31,313.34 2 1
daily-tasks/internal/history.go:313.34,318.11 4 1
daily-tasks/internal/history.go:318.11,326.5 2 1
daily-tasks/internal/history.go:327.4,331.23 4 1
daily-tasks/internal/history.go:332.16,338.38 6 1
daily-tasks/internal/history.go:339.19,345.41 6 1
daily-tasks/internal/history.go:346.12,351.19 5 1
daily-tasks/internal/history.go:354.3,354.26 1 1
daily-tasks/internal/history.go:354.26,356.4 1 1
daily-tasks/internal/history.go:357.3,357.47 1 1
daily-tasks/internal/history.go:360.2,360.27 1 1
daily-tasks/internal/history.go:360.27,362.3 1 1
daily-tasks/internal/history.go:364.2,364.30 1 1
daily-tasks/internal/history.go:364.30,365.27 1 1
daily-tasks/internal/history.go:365.27,367.4 1 1
daily-tasks/internal/history.go:368.3,368.64 1 1
daily-tasks/internal/history.go:371.2,371.48 1 1
daily-tasks/internal/history.go:371.48,372.61 1 1
daily-tasks/internal/history.go:372.61,373.70 1 0
daily-tasks/internal/history.go:373.70,375.5 1 0
daily-tasks/internal/history.go:376.4,376.72 1 0
daily-tasks/internal/history.go:378.3,378.63 1 1
daily-tasks/internal/history.go:381.2,381.16 1 1
daily-tasks/internal/history.go:384.36,385.47 1 1
daily-tasks/internal/history.go:385.47,387.3 1 1
daily-tasks/internal/history.go:388.2,388.49 1 1
daily-tasks/internal/history.go:388.49,389.65 1 1
daily-tasks/internal/history.go:389.65,390.60 1 1
daily-tasks/internal/history.go:390.60,392.5 1 0
daily-tasks/internal/history.go:393.4,393.62 1 1
daily-tasks/internal/history.go:395.3,395.67 1 1
daily-tasks/internal/history.go:399.68,406.30 2 1
daily-tasks/internal/history.go:406.30,407.39 1 1
daily-tasks/internal/history.go:407.39,408.45 1 1
daily-tasks/internal/history.go:408.45,410.5 1 1
daily-tasks/internal/history.go:411.4,412.15 2 1
daily-tasks/internal/history.go:416.2,417.13 2 1
daily-tasks/internal/history.go:420.44,421.54 1 1
daily-tasks/internal/history.go:421.54,423.3 1 1
daily-tasks/internal/history.go:424.2,424.25 1 1
daily-tasks/internal/history.go:424.25,427.57 2 1
daily-tasks/internal/history.go:427.57,429.4 1 1
daily-tasks/internal/history.go:430.3,430.47 1 1
daily-tasks/internal/history.go:430.47,432.4 1 0
daily-tasks/internal/history.go:433.3,433.32 1 1
daily-tasks/internal/history.go:433.32,434.44 1 1
daily-tasks/internal/history.go:434.44,436.5 1 0
daily-tasks/internal/history.go:439.2,439.13 1 1
daily-tasks/internal/history.go:442.53,444.29 2 1
daily-tasks/internal/history.go:444.29,453.3 1 1
daily-tasks/internal/history.go:454.2,454.44 1 1
daily-tasks/internal/history.go:454.44,456.3 1 1
daily-tasks/internal/history.go:457.2,457.18 1 1
daily-tasks/internal/history.go:462.73,464.16 2 1
daily-tasks/internal/history.go:464.16,466.3 1 0
daily-tasks/internal/history.go:467.2,468.35 2 1
daily-tasks/internal/history.go:471.75,475.36 3 1
daily-tasks/internal/history.go:475.36,477.3 1 1
daily-tasks/internal/history.go:478.2,478.35 1 1
daily-tasks/internal/history.go:478.35,480.3 1 1
daily-tasks/internal/history.go:482.2,482.38 1 1
daily-tasks/internal/history.go:482.38,484.10 2 1
daily-tasks/internal/history.go:484.10,495.12 2 1
daily-tasks/internal/history.go:498.3,498.37 1 1
daily-tasks/internal/history.go:498.37,510.4 1 1
daily-tasks/internal/history.go:512.3,512.111 1 1
daily-tasks/internal/history.go:512.111,523.4 1 1
daily-tasks/internal/history.go:526.2,526.33 1 1
daily-tasks/internal/history.go:526.33,527.33 1 1
daily-tasks/internal/history.go:527.33,528.12 1 1
daily-tasks/internal/history.go:530.3,539.5 1 1
daily-tasks/internal/nextcloud_desktop.go:24.59,25.20 1 1
daily-tasks/internal/nextcloud_desktop.go:25.20,27.3 1 1
daily-tasks/internal/nextcloud_desktop.go:28.2,29.16 2 1
daily-tasks/internal/nextcloud_desktop.go:29.16,31.3 1 0
daily-tasks/internal/nextcloud_desktop.go:32.2,33.16 2 1
daily-tasks/internal/nextcloud_desktop.go:33.16,35.3 1 0
daily-tasks/internal/nextcloud_desktop.go:36.2,37.16 2 1
daily-tasks/internal/nextcloud_desktop.go:37.16,39.3 1 0
daily-tasks/internal/nextcloud_desktop.go:40.2,40.52 1 1
daily-tasks/internal/nextcloud_login.go:40.69,42.21 2 1
daily-tasks/internal/nextcloud_login.go:42.21,44.3 1 0
daily-tasks/internal/nextcloud_login.go:46.2,47.16 2 1
daily-tasks/internal/nextcloud_login.go:47.16,49.3 1 0
daily-tasks/internal/nextcloud_login.go:51.2,53.16 3 1
daily-tasks/internal/nextcloud_login.go:53.16,55.3 1 0
daily-tasks/internal/nextcloud_login.go:56.2,58.53 2 1
daily-tasks/internal/nextcloud_login.go:58.53,60.3 1 0
daily-tasks/internal/nextcloud_login.go:62.2,63.68 2 1
daily-tasks/internal/nextcloud_login.go:63.68,65.3 1 0
daily-tasks/internal/nextcloud_login.go:66.2,66.84 1 1
daily-tasks/internal/nextcloud_login.go:66.84,68.3 1 0
daily-tasks/internal/nextcloud_login.go:70.2,75.8 1 1
daily-tasks/internal/nextcloud_login.go:78.83,83.16 4 1
daily-tasks/internal/nextcloud_login.go:83.16,85.3 1 0
daily-tasks/internal/nextcloud_login.go:86.2,90.16 4 1
daily-tasks/internal/nextcloud_login.go:90.16,92.3 1 0
daily-tasks/internal/nextcloud_login.go:93.2,95.44 2 1
daily-tasks/internal/nextcloud_login.go:95.44,97.3 1 1
daily-tasks/internal/nextcloud_login.go:98.2,98.53 1 1
daily-tasks/internal/nextcloud_login.go:98.53,100.3 1 0
daily-tasks/internal/nextcloud_login.go:102.2,103.68 2 1
daily-tasks/internal/nextcloud_login.go:103.68,105.3 1 0
daily-tasks/internal/nextcloud_login.go:106.2,106.82 1 1
daily-tasks/internal/nextcloud_login.go:106.82,108.3 1 0
daily-tasks/internal/nextcloud_login.go:110.2,114.14 1 1
daily-tasks/internal/nextcloud_login.go:117.61,127.2 1 0
daily-tasks/internal/setup.go:46.26,48.16 2 0
daily-tasks/internal/setup.go:48.16,50.3 1 0
daily-tasks/internal/setup.go:51.2,51.38 1 0
daily-tasks/internal/setup.go:54.49,56.16 2 0
daily-tasks/internal/setup.go:56.16,58.3 1 0
daily-tasks/internal/setup.go:59.2,59.53 1 0
daily-tasks/internal/setup.go:59.53,61.3 1 0
daily-tasks/internal/setup.go:62.2,62.71 1 0
daily-tasks/internal/setup.go:65.50,107.2 28 1
daily-tasks/internal/setup.go:109.36,111.2 1 0
daily-tasks/internal/setup.go:113.62,114.27 1 1
daily-tasks/internal/setup.go:115.25,118.16 3 0
daily-tasks/internal/setup.go:119.26,121.21 2 1
daily-tasks/internal/setup.go:121.21,124.4 2 0
daily-tasks/internal/setup.go:125.3,126.21 2 1
daily-tasks/internal/setup.go:127.18,128.31 1 1
daily-tasks/internal/setup.go:128.31,130.4 1 0
daily-tasks/internal/setup.go:131.3,131.15 1 1
daily-tasks/internal/setup.go:131.15,133.4 1 0
daily-tasks/internal/setup.go:134.3,134.17 1 1
daily-tasks/internal/setup.go:135.25,136.36 1 1
daily-tasks/internal/setup.go:137.65,138.34 1 1
daily-tasks/internal/setup.go:139.25,140.36 1 1
daily-tasks/internal/setup.go:143.2,143.15 1 0
daily-tasks/internal/setup.go:146.77,147.22 1 1
daily-tasks/internal/setup.go:148.18,149.21 1 0
daily-tasks/internal/setup.go:150.30,153.16 3 0
daily-tasks/internal/setup.go:154.26,157.16 3 0
daily-tasks/internal/setup.go:158.16,161.16 3 0
daily-tasks/internal/setup.go:162.16,165.16 3 0
daily-tasks/internal/setup.go:166.20,168.42 2 1
daily-tasks/internal/setup.go:168.42,171.4 2 1
daily-tasks/internal/setup.go:172.3,174.16 3 1
daily-tasks/internal/setup.go:176.2,176.15 1 0
daily-tasks/internal/setup.go:179.75,180.22 1 1
daily-tasks/internal/setup.go:181.13,184.16 3 0
daily-tasks/internal/setup.go:185.15,186.50 1 1
daily-tasks/internal/setup.go:186.50,189.4 2 1
daily-tasks/internal/setup.go:190.3,192.16 3 1
daily-tasks/internal/setup.go:195.2,196.16 2 0
daily-tasks/internal/setup.go:197.26,198.49 1 0
daily-tasks/internal/setup.go:199.25,200.53 1 0
daily-tasks/internal/setup.go:201.25,202.53 1 0
daily-tasks/internal/setup.go:204.2,204.15 1 0
daily-tasks/internal/setup.go:207.77,208.22 1 1
daily-tasks/internal/setup.go:209.11,210.21 1 0
daily-tasks/internal/setup.go:211.18,214.16 3 0
daily-tasks/internal/setup.go:215.25,217.32 2 1
daily-tasks/internal/setup.go:217.32,220.4 2 0
daily-tasks/internal/setup.go:221.3,223.50 3 1
daily-tasks/internal/setup.go:225.2,225.15 1 0
daily-tasks/internal/setup.go:228.42,232.16 4 1
daily-tasks/internal/setup.go:233.26,234.24 1 1
daily-tasks/internal/setup.go:235.25,236.26 1 1
daily-tasks/internal/setup.go:237.25,238.26 1 1
daily-tasks/internal/setup.go:242.38,243.16 1 1
daily-tasks/internal/setup.go:244.26,245.29 1 1
daily-tasks/internal/setup.go:246.25,247.29 1 1
daily-tasks/internal/setup.go:248.25,249.28 1 1
daily-tasks/internal/setup.go:251.2,251.23 1 1
daily-tasks/internal/setup.go:254.42,255.16 1 0
daily-tasks/internal/setup.go:256.26,257.28 1 0
daily-tasks/internal/setup.go:258.25,259.30 1 0
daily-tasks/internal/setup.go:260.25,261.29 1 0
daily-tasks/internal/setup.go:262.24,263.42 1 0
daily-tasks/internal/setup.go:263.42,265.4 1 0
daily-tasks/internal/setup.go:265.9,267.4 1 0
daily-tasks/internal/setup.go:269.2,269.23 1 0
daily-tasks/internal/setup.go:272.51,273.16 1 1
daily-tasks/internal/setup.go:274.26,276.55 2 1
daily-tasks/internal/setup.go:276.55,278.4 1 1
daily-tasks/internal/setup.go:279.3,279.32 1 1
daily-tasks/internal/setup.go:280.25,282.18 2 1
daily-tasks/internal/setup.go:282.18,284.4 1 0
daily-tasks/internal/setup.go:285.3,285.34 1 1
daily-tasks/internal/setup.go:286.25,288.18 2 1
daily-tasks/internal/setup.go:288.18,290.4 1 0
daily-tasks/internal/setup.go:291.3,291.34 1 1
daily-tasks/internal/setup.go:293.2,293.12 1 1
daily-tasks/internal/setup.go:296.47,297.15 1 1
daily-tasks/internal/setup.go:297.15,299.3 1 1
daily-tasks/internal/setup.go:300.2,301.60 2 1
daily-tasks/internal/setup.go:301.60,303.3 1 0
daily-tasks/internal/setup.go:304.2,304.57 1 1
daily-tasks/internal/setup.go:304.57,306.3 1 0
daily-tasks/internal/setup.go:307.2,307.12 1 1
daily-tasks/internal/setup.go:310.51,311.26 1 1
daily-tasks/internal/setup.go:311.26,313.3 1 1
daily-tasks/internal/setup.go:314.2,314.21 1 1
daily-tasks/internal/setup.go:317.45,318.41 1 1
daily-tasks/internal/setup.go:318.41,320.3 1 1
daily-tasks/internal/setup.go:321.2,328.4 1 1
daily-tasks/internal/setup.go:331.61,332.24 1 1
daily-tasks/internal/setup.go:332.24,334.3 1 1
daily-tasks/internal/setup.go:337.35,358.20 7 0
daily-tasks/internal/setup.go:358.20,360.3 1 0
daily-tasks/internal/setup.go:361.2,361.14 1 0
daily-tasks/internal/setup.go:361.14,363.3 1 0
daily-tasks/internal/setup.go:364.2,383.3 3 0
daily-tasks/internal/setup.go:386.37,387.16 1 0
daily-tasks/internal/setup.go:387.16,389.3 1 0
daily-tasks/internal/setup.go:390.2,391.21 2 0
daily-tasks/internal/setup.go:391.21,393.3 1 0
daily-tasks/internal/setup.go:394.2,394.21 1 0
daily-tasks/internal/setup.go:394.21,396.3 1 0
daily-tasks/internal/setup.go:397.2,397.27 1 0
daily-tasks/internal/setup.go:400.59,403.75 3 0
daily-tasks/internal/setup.go:403.75,405.3 1 0
daily-tasks/internal/setup.go:406.2,410.29 4 0
daily-tasks/internal/setup.go:410.29,412.19 2 0
daily-tasks/internal/setup.go:412.19,414.4 1 0
daily-tasks/internal/setup.go:415.3,415.32 1 0
daily-tasks/internal/setup.go:417.2,417.78 1 0
daily-tasks/internal/setup.go:420.41,421.16 1 0
daily-tasks/internal/setup.go:422.24,423.11 1 0
daily-tasks/internal/setup.go:424.26,425.11 1 0
daily-tasks/internal/setup.go:426.25,427.11 1 0
daily-tasks/internal/setup.go:428.25,429.11 1 0
daily-tasks/internal/setup.go:430.24,431.42 1 0
daily-tasks/internal/setup.go:431.42,433.4 1 0
daily-tasks/internal/setup.go:434.3,434.11 1 0
daily-tasks/internal/setup.go:435.10,436.11 1 0
daily-tasks/internal/setup.go:440.55,441.16 1 0
daily-tasks/internal/setup.go:442.24,443.39 1 0
daily-tasks/internal/setup.go:444.26,445.73 1 0
daily-tasks/internal/setup.go:446.25,447.73 1 0
daily-tasks/internal/setup.go:448.25,449.77 1 0
daily-tasks/internal/setup.go:450.24,451.37 1 0
daily-tasks/internal/setup.go:452.10,453.12 1 0
daily-tasks/internal/setup.go:457.60,467.33 4 0
daily-tasks/internal/setup.go:467.33,472.27 3 0
daily-tasks/internal/setup.go:472.27,478.4 2 0
daily-tasks/internal/setup.go:479.3,479.99 1 0
daily-tasks/internal/setup.go:481.2,481.34 1 0
daily-tasks/internal/setup.go:484.65,489.2 1 0
daily-tasks/internal/setup.go:491.58,495.41 4 0
daily-tasks/internal/setup.go:495.41,497.3 1 0
daily-tasks/internal/setup.go:497.8,506.3 2 0
daily-tasks/internal/setup.go:507.2,508.75 2 0
daily-tasks/internal/setup.go:511.46,514.16 3 0
daily-tasks/internal/setup.go:515.24,516.48 1 0
daily-tasks/internal/setup.go:517.24,518.46 1 0
daily-tasks/internal/setup.go:520.2,522.15 1 0
daily-tasks/internal/sync.go:13.55,15.16 2 1
daily-tasks/internal/sync.go:15.16,17.3 1 1
daily-tasks/internal/sync.go:18.2,19.58 2 1
daily-tasks/internal/sync.go:19.58,21.3 1 0
daily-tasks/internal/sync.go:22.2,22.29 1 1
daily-tasks/internal/sync.go:34.65,35.28 1 1
daily-tasks/internal/sync.go:35.28,37.3 1 1
daily-tasks/internal/sync.go:38.2,39.16 2 1
daily-tasks/internal/sync.go:39.16,41.3 1 0
daily-tasks/internal/sync.go:42.2,42.39 1 1
daily-tasks/internal/sync.go:47.61,49.16 2 1
daily-tasks/internal/sync.go:49.16,51.3 1 1
daily-tasks/internal/sync.go:52.2,53.61 2 1
daily-tasks/internal/sync.go:53.61,55.3 1 0
daily-tasks/internal/sync.go:56.2,56.26 1 1
daily-tasks/internal/sync.go:56.26,58.3 1 1
daily-tasks/internal/sync.go:59.2,60.32 2 1
daily-tasks/internal/sync.go:66.74,68.28 2 1
daily-tasks/internal/sync.go:68.28,70.3 1 1
daily-tasks/internal/sync.go:71.2,74.16 3 1
daily-tasks/internal/sync.go:74.16,76.3 1 0
daily-tasks/internal/sync.go:77.2,77.42 1 1
daily-tasks/internal/sync.go:86.67,87.52 1 1
daily-tasks/internal/sync.go:87.52,89.3 1 0
daily-tasks/internal/sync.go:90.2,90.100 1 1
daily-tasks/internal/sync.go:99.81,101.52 2 1
daily-tasks/internal/sync.go:101.52,103.3 1 1
daily-tasks/internal/sync.go:106.2,106.47 1 0
daily-tasks/internal/sync.go:109.83,112.29 3 1
daily-tasks/internal/sync.go:112.29,114.3 1 0
daily-tasks/internal/sync.go:115.2,115.14 1 1
daily-tasks/internal/sync.go:115.14,117.3 1 1
daily-tasks/internal/sync.go:119.2,121.14 2 1
daily-tasks/internal/sync.go:121.14,122.53 1 1
daily-tasks/internal/sync.go:122.53,123.79 1 1
daily-tasks/internal/sync.go:123.79,125.5 1 0
daily-tasks/internal/sync.go:127.3,127.21 1 1
daily-tasks/internal/sync.go:130.2,130.42 1 1
daily-tasks/internal/sync.go:130.42,131.68 1 1
daily-tasks/internal/sync.go:131.68,133.4 1 0
daily-tasks/internal/sync.go:135.2,135.20 1 1
daily-tasks/internal/sync.go:159.55,161.12 2 1
daily-tasks/internal/sync.go:161.12,163.3 1 1
daily-tasks/internal/sync.go:164.2,165.15 2 1
daily-tasks/internal/sync.go:171.57,173.16 2 1
daily-tasks/internal/sync.go:173.16,176.40 1 1
daily-tasks/internal/sync.go:176.40,178.43 2 1
daily-tasks/internal/sync.go:178.43,181.5 1 0
daily-tasks/internal/sync.go:182.4,182.22 1 1
daily-tasks/internal/sync.go:182.22,184.5 1 0
daily-tasks/internal/sync.go:185.4,185.91 1 1
daily-tasks/internal/sync.go:187.3,187.79 1 0
daily-tasks/internal/sync.go:190.2,194.52 3 1
daily-tasks/internal/sync.go:194.52,196.3 1 1
daily-tasks/internal/sync.go:199.2,199.46 1 1
daily-tasks/internal/sync.go:199.46,202.3 1 1
daily-tasks/internal/sync.go:202.8,202.53 1 1
daily-tasks/internal/sync.go:202.53,205.42 2 1
daily-tasks/internal/sync.go:205.42,207.4 1 1
daily-tasks/internal/sync.go:208.3,208.21 1 1
daily-tasks/internal/sync.go:208.21,210.4 1 0
daily-tasks/internal/sync.go:211.3,211.91 1 1
daily-tasks/internal/sync.go:215.2,215.86 1 1
daily-tasks/internal/sync.go:218.82,220.30 2 1
daily-tasks/internal/sync.go:220.30,227.3 1 0
daily-tasks/internal/sync.go:229.2,230.16 2 1
daily-tasks/internal/sync.go:230.16,237.3 1 0
daily-tasks/internal/sync.go:239.2,244.3 1 1
daily-tasks/internal/theme.go:46.32,47.39 1 1
daily-tasks/internal/theme.go:47.39,49.3 1 1
daily-tasks/internal/theme.go:50.2,50.22 1 1
daily-tasks/internal/theme.go:54.23,56.2 1 1
daily-tasks/commands.go:19.47,21.13 2 1
daily-tasks/commands.go:21.13,23.3 1 1
daily-tasks/commands.go:24.2,35.45 4 1
daily-tasks/commands.go:35.45,37.17 2 1
daily-tasks/commands.go:37.17,38.12 1 0
daily-tasks/commands.go:40.3,40.34 1 1
daily-tasks/commands.go:40.34,41.16 1 1
daily-tasks/commands.go:41.16,44.5 2 1
daily-tasks/commands.go:45.4,45.12 1 1
daily-tasks/commands.go:47.3,48.35 2 1
daily-tasks/commands.go:48.35,50.4 1 1
daily-tasks/commands.go:51.3,51.15 1 1
daily-tasks/commands.go:51.15,54.4 2 1
daily-tasks/commands.go:56.2,56.20 1 1
daily-tasks/commands.go:56.20,58.3 1 0
daily-tasks/commands.go:59.2,60.18 2 1
daily-tasks/commands.go:63.46,65.13 2 1
daily-tasks/commands.go:65.13,67.3 1 1
daily-tasks/commands.go:68.2,69.65 2 1
daily-tasks/commands.go:69.65,71.3 1 1
daily-tasks/commands.go:72.2,74.70 3 1
daily-tasks/commands.go:74.70,76.3 1 1
daily-tasks/commands.go:77.2,77.15 1 1
daily-tasks/commands.go:80.45,81.20 1 1
daily-tasks/commands.go:81.20,83.3 1 1
daily-tasks/commands.go:85.2,85.17 1 1
daily-tasks/commands.go:86.30,88.19 2 1
daily-tasks/commands.go:89.36,91.19 2 1
daily-tasks/commands.go:94.2,97.13 3 1
daily-tasks/commands.go:98.20,99.52 1 1
daily-tasks/commands.go:99.52,101.4 1 0
daily-tasks/commands.go:102.3,102.32 1 1
daily-tasks/commands.go:103.13,104.52 1 1
daily-tasks/commands.go:104.52,106.4 1 1
daily-tasks/commands.go:107.3,107.31 1 1
daily-tasks/commands.go:108.14,109.52 1 1
daily-tasks/commands.go:109.52,111.4 1 0
daily-tasks/commands.go:112.3,112.40 1 1
daily-tasks/commands.go:113.14,114.52 1 1
daily-tasks/commands.go:114.52,116.4 1 0
daily-tasks/commands.go:117.3,117.40 1 1
daily-tasks/commands.go:118.14,119.52 1 1
daily-tasks/commands.go:119.52,121.4 1 0
daily-tasks/commands.go:122.3,122.32 1 1
daily-tasks/commands.go:123.29,124.52 1 1
daily-tasks/commands.go:124.52,126.4 1 0
daily-tasks/commands.go:127.3,127.34 1 1
daily-tasks/commands.go:128.14,129.52 1 0
daily-tasks/commands.go:129.52,131.4 1 0
daily-tasks/commands.go:132.3,132.32 1 0
daily-tasks/commands.go:133.14,134.52 1 0
daily-tasks/commands.go:134.52,136.4 1 0
daily-tasks/commands.go:137.3,137.32 1 0
daily-tasks/commands.go:138.15,139.52 1 0
daily-tasks/commands.go:139.52,141.4 1 0
daily-tasks/commands.go:142.3,142.33 1 0
daily-tasks/commands.go:143.15,144.33 1 0
daily-tasks/commands.go:145.13,146.31 1 0
daily-tasks/commands.go:147.10,148.54 1 1
daily-tasks/commands.go:152.30,171.2 18 1
daily-tasks/commands.go:173.34,175.2 1 1
daily-tasks/commands.go:177.33,179.2 1 1
daily-tasks/commands.go:181.49,183.2 1 1
daily-tasks/commands.go:185.34,187.2 1 1
daily-tasks/commands.go:189.36,191.2 1 1
daily-tasks/commands.go:193.34,195.2 1 1
daily-tasks/commands.go:197.34,199.2 1 1
daily-tasks/commands.go:201.35,203.2 1 1
daily-tasks/commands.go:205.33,207.2 1 1
daily-tasks/commands.go:209.35,211.2 1 1
daily-tasks/commands.go:213.35,214.21 1 1
daily-tasks/commands.go:214.21,217.3 2 1
daily-tasks/commands.go:218.2,221.39 4 1
daily-tasks/commands.go:221.39,223.3 1 0
daily-tasks/commands.go:225.2,226.16 2 1
daily-tasks/commands.go:226.16,228.3 1 0
daily-tasks/commands.go:229.2,230.23 2 1
daily-tasks/commands.go:230.23,232.3 1 0
daily-tasks/commands.go:234.2,235.57 2 1
daily-tasks/commands.go:235.57,237.58 2 1
daily-tasks/commands.go:237.58,238.28 1 1
daily-tasks/commands.go:238.28,240.5 1 1
daily-tasks/commands.go:242.3,242.16 1 1
daily-tasks/commands.go:245.2,245.21 1 1
daily-tasks/commands.go:246.14,247.49 1 1
daily-tasks/commands.go:248.14,249.49 1 1
daily-tasks/commands.go:250.17,251.55 1 1
daily-tasks/commands.go:252.13,257.55 5 1
daily-tasks/commands.go:258.10,259.70 1 1
daily-tasks/commands.go:262.2,263.12 2 1
daily-tasks/commands.go:266.34,267.21 1 1
daily-tasks/commands.go:267.21,270.3 2 1
daily-tasks/commands.go:271.2,278.39 8 1
daily-tasks/commands.go:278.39,280.3 1 0
daily-tasks/commands.go:282.2,282.37 1 1
daily-tasks/commands.go:282.37,284.3 1 1
daily-tasks/commands.go:285.2,285.20 1 1
daily-tasks/commands.go:285.20,287.3 1 1
daily-tasks/commands.go:288.2,289.52 2 1
daily-tasks/commands.go:289.52,291.3 1 1
daily-tasks/commands.go:292.2,293.16 2 1
daily-tasks/commands.go:293.16,295.3 1 1
daily-tasks/commands.go:296.2,297.16 2 1
daily-tasks/commands.go:297.16,299.3 1 0
daily-tasks/commands.go:301.2,302.16 2 1
daily-tasks/commands.go:302.16,304.3 1 0
daily-tasks/commands.go:306.2,319.73 5 1
daily-tasks/commands.go:319.73,321.3 1 0
daily-tasks/commands.go:322.2,323.12 2 1
daily-tasks/commands.go:326.50,327.21 1 1
daily-tasks/commands.go:327.21,330.3 2 1
daily-tasks/commands.go:331.2,334.39 4 1
daily-tasks/commands.go:334.39,336.3 1 0
daily-tasks/commands.go:338.2,339.16 2 1
daily-tasks/commands.go:339.16,341.3 1 0
daily-tasks/commands.go:343.2,344.16 2 1
daily-tasks/commands.go:344.16,346.3 1 0
daily-tasks/commands.go:348.2,349.17 2 1
daily-tasks/commands.go:349.17,351.3 1 1
daily-tasks/commands.go:352.2,352.27 1 1
daily-tasks/commands.go:352.27,355.3 2 1
daily-tasks/commands.go:357.2,361.73 4 1
daily-tasks/commands.go:361.73,363.3 1 0
daily-tasks/commands.go:364.2,365.12 2 1
daily-tasks/commands.go:368.35,369.21 1 1
daily-tasks/commands.go:369.21,372.3 2 1
daily-tasks/commands.go:373.2,376.39 4 1
daily-tasks/commands.go:376.39,378.3 1 0
daily-tasks/commands.go:380.2,381.16 2 1
daily-tasks/commands.go:381.16,383.3 1 0
daily-tasks/commands.go:385.2,386.16 2 1
daily-tasks/commands.go:386.16,388.3 1 0
daily-tasks/commands.go:390.2,391.17 2 1
daily-tasks/commands.go:391.17,393.3 1 1
daily-tasks/commands.go:394.2,394.30 1 1
daily-tasks/commands.go:394.30,397.3 2 1
daily-tasks/commands.go:399.2,403.73 4 1
daily-tasks/commands.go:403.73,405.3 1 0
daily-tasks/commands.go:406.2,407.12 2 1
daily-tasks/commands.go:410.37,411.21 1 1
daily-tasks/commands.go:411.21,414.3 2 1
daily-tasks/commands.go:415.2,418.39 4 1
daily-tasks/commands.go:418.39,420.3 1 0
daily-tasks/commands.go:422.2,423.16 2 1
daily-tasks/commands.go:423.16,425.3 1 1
daily-tasks/commands.go:427.2,428.16 2 1
daily-tasks/commands.go:428.16,430.3 1 0
daily-tasks/commands.go:432.2,432.41 1 1
daily-tasks/commands.go:432.41,434.3 1 1
daily-tasks/commands.go:435.2,438.73 3 1
daily-tasks/commands.go:438.73,440.3 1 0
daily-tasks/commands.go:441.2,442.12 2 1
daily-tasks/commands.go:445.35,446.21 1 0
daily-tasks/commands.go:446.21,449.3 2 0
daily-tasks/commands.go:450.2,452.39 3 0
daily-tasks/commands.go:452.39,454.3 1 0
daily-tasks/commands.go:456.2,457.16 2 0
daily-tasks/commands.go:457.16,459.3 1 0
daily-tasks/commands.go:460.2,463.16 3 0
daily-tasks/commands.go:463.16,465.3 1 0
daily-tasks/commands.go:466.2,466.51 1 0
daily-tasks/commands.go:466.51,469.3 2 0
daily-tasks/commands.go:470.2,471.16 2 0
daily-tasks/commands.go:471.16,473.3 1 0
daily-tasks/commands.go:475.2,476.30 2 0
daily-tasks/commands.go:476.30,478.3 1 0
daily-tasks/commands.go:480.2,481.54 2 0
daily-tasks/commands.go:481.54,483.3 1 0
daily-tasks/commands.go:484.2,484.67 1 0
daily-tasks/commands.go:484.67,486.3 1 0
daily-tasks/commands.go:487.2,488.12 2 0
daily-tasks/commands.go:491.35,492.21 1 0
daily-tasks/commands.go:492.21,495.3 2 0
daily-tasks/commands.go:496.2,498.39 3 0
daily-tasks/commands.go:498.39,500.3 1 0
daily-tasks/commands.go:502.2,503.16 2 0
daily-tasks/commands.go:503.16,505.3 1 0
daily-tasks/commands.go:506.2,509.16 3 0
daily-tasks/commands.go:509.16,511.3 1 0
daily-tasks/commands.go:512.2,512.51 1 0
daily-tasks/commands.go:512.51,515.3 2 0
daily-tasks/commands.go:516.2,517.16 2 0
daily-tasks/commands.go:517.16,519.3 1 0
daily-tasks/commands.go:520.2,520.73 1 0
daily-tasks/commands.go:520.73,522.3 1 0
daily-tasks/commands.go:523.2,524.12 2 0
daily-tasks/commands.go:527.36,528.21 1 1
daily-tasks/commands.go:528.21,531.3 2 1
daily-tasks/commands.go:532.2,537.39 6 1
daily-tasks/commands.go:537.39,539.3 1 0
daily-tasks/commands.go:541.2,542.16 2 1
daily-tasks/commands.go:542.16,544.3 1 0
daily-tasks/commands.go:546.2,547.16 2 1
daily-tasks/commands.go:547.16,549.3 1 1
daily-tasks/commands.go:551.2,552.16 2 1
daily-tasks/commands.go:552.16,554.3 1 0
daily-tasks/commands.go:556.2,564.26 8 1
daily-tasks/commands.go:564.26,568.30 4 1
daily-tasks/commands.go:568.30,571.4 2 1
daily-tasks/commands.go:574.2,574.12 1 1
daily-tasks/commands.go:577.34,578.21 1 0
daily-tasks/commands.go:578.21,581.3 2 0
daily-tasks/commands.go:582.2,586.39 5 0
daily-tasks/commands.go:586.39,588.3 1 0
daily-tasks/commands.go:589.2,589.43 1 0
daily-tasks/commands.go:592.36,593.21 1 0
daily-tasks/commands.go:593.21,596.3 2 0
daily-tasks/commands.go:597.2,597.19 1 0
daily-tasks/commands.go:597.19,599.3 1 0
daily-tasks/commands.go:600.2,600.31 1 0
daily-tasks/commands.go:603.62,605.16 2 1
daily-tasks/commands.go:605.16,607.3 1 0
daily-tasks/commands.go:609.2,610.16 2 1
daily-tasks/commands.go:610.16,612.3 1 0
daily-tasks/commands.go:614.2,616.11 3 1
daily-tasks/commands.go:616.11,617.74 1 1
daily-tasks/commands.go:617.74,619.4 1 0
daily-tasks/commands.go:621.2,621.31 1 1
daily-tasks/commands.go:624.73,625.28 1 1
daily-tasks/commands.go:625.28,626.29 1 1
daily-tasks/commands.go:626.29,628.4 1 1
daily-tasks/commands.go:629.3,629.59 1 1
daily-tasks/commands.go:629.59,631.4 1 1
daily-tasks/commands.go:632.3,632.57 1 1
daily-tasks/commands.go:632.57,634.4 1 1
daily-tasks/commands.go:635.3,635.16 1 1
daily-tasks/commands.go:635.16,637.4 1 1
daily-tasks/commands.go:638.3,638.23 1 1
daily-tasks/commands.go:641.2,642.16 2 1
daily-tasks/commands.go:642.16,644.3 1 1
daily-tasks/commands.go:645.2,647.66 3 1
daily-tasks/commands.go:650.51,651.35 1 1
daily-tasks/commands.go:652.17,653.17 1 1
daily-tasks/commands.go:654.12,655.16 1 1
daily-tasks/commands.go:656.13,657.17 1 1
daily-tasks/commands.go:658.14,659.18 1 1
daily-tasks/commands.go:660.10,661.67 1 1
daily-tasks/commands.go:665.50,666.13 1 1
daily-tasks/commands.go:666.13,667.21 1 1
daily-tasks/commands.go:667.21,669.4 1 1
daily-tasks/commands.go:670.3,671.32 2 1
daily-tasks/commands.go:671.32,673.4 1 1
daily-tasks/commands.go:674.3,674.14 1 1
daily-tasks/commands.go:676.2,676.16 1 1
daily-tasks/commands.go:679.59,681.29 2 1
daily-tasks/commands.go:681.29,683.28 2 1
daily-tasks/commands.go:683.28,685.4 1 1
daily-tasks/commands.go:685.9,685.38 1 1
daily-tasks/commands.go:685.38,687.4 1 0
daily-tasks/commands.go:688.3,689.26 2 1
daily-tasks/commands.go:689.26,691.4 1 1
daily-tasks/commands.go:692.3,692.20 1 1
daily-tasks/commands.go:696.36,697.27 1 1
daily-tasks/commands.go:697.27,698.37 1 1
daily-tasks/commands.go:698.37,700.4 1 1
daily-tasks/commands.go:702.2,702.14 1 1
daily-tasks/main.go:47.34,49.22 2 1
daily-tasks/main.go:49.22,51.22 2 1
daily-tasks/main.go:51.22,53.4 1 1
daily-tasks/main.go:53.9,55.4 1 0
daily-tasks/main.go:57.2,57.19 1 1
daily-tasks/main.go:57.19,59.3 1 0
daily-tasks/main.go:60.2,60.10 1 1
daily-tasks/main.go:62.40,62.53 1 1
daily-tasks/main.go:63.40,63.58 1 0
daily-tasks/main.go:70.45,70.63 1 0
daily-tasks/main.go:71.45,71.58 1 0
daily-tasks/main.go:72.45,72.58 1 0
daily-tasks/main.go:80.84,81.41 1 1
daily-tasks/main.go:81.41,84.3 2 1
daily-tasks/main.go:85.2,85.45 1 1
daily-tasks/main.go:104.42,105.20 1 1
daily-tasks/main.go:105.20,107.3 1 0
daily-tasks/main.go:108.2,109.25 2 1
daily-tasks/main.go:109.25,110.23 1 1
daily-tasks/main.go:110.23,112.4 1 1
daily-tasks/main.go:112.9,114.4 1 0
daily-tasks/main.go:116.2,116.33 1 1
daily-tasks/main.go:143.13,144.53 1 0
daily-tasks/main.go:144.53,145.17 1 0
daily-tasks/main.go:145.17,149.4 3 0
daily-tasks/main.go:150.3,150.9 1 0
daily-tasks/main.go:153.2,153.61 1 0
daily-tasks/main.go:153.61,156.3 2 0
daily-tasks/main.go:158.2,159.16 2 0
daily-tasks/main.go:159.16,162.3 2 0
daily-tasks/main.go:164.2,165.16 2 0
daily-tasks/main.go:165.16,168.3 2 0
daily-tasks/main.go:170.2,171.72 2 0
daily-tasks/main.go:171.72,174.3 2 0
daily-tasks/main.go:177.54,182.70 4 1
daily-tasks/main.go:182.70,188.3 5 1
daily-tasks/main.go:190.2,227.10 20 1
daily-tasks/main.go:230.31,232.2 1 0
daily-tasks/main.go:234.21,235.57 1 0
daily-tasks/main.go:235.57,237.3 1 0
daily-tasks/main.go:240.57,241.27 1 0
daily-tasks/main.go:242.25,246.16 4 0
daily-tasks/main.go:247.15,250.19 3 0
daily-tasks/main.go:251.21,252.35 1 0
daily-tasks/main.go:252.35,255.4 2 0
daily-tasks/main.go:256.3,264.16 9 0
daily-tasks/main.go:265.21,266.21 1 0
daily-tasks/main.go:266.21,268.4 1 0
daily-tasks/main.go:268.9,270.4 1 0
daily-tasks/main.go:271.3,271.16 1 0
daily-tasks/main.go:272.18,273.17 1 0
daily-tasks/main.go:274.19,275.30 1 0
daily-tasks/main.go:276.26,277.28 1 0
daily-tasks/main.go:278.26,279.37 1 0
daily-tasks/main.go:283.2,285.15 3 0
daily-tasks/main.go:288.66,289.22 1 1
daily-tasks/main.go:290.21,291.21 1 0
daily-tasks/main.go:292.13,293.30 1 0
daily-tasks/main.go:293.30,295.4 1 0
daily-tasks/main.go:296.3,297.16 2 0
daily-tasks/main.go:298.19,299.30 1 0
daily-tasks/main.go:299.30,301.4 1 0
daily-tasks/main.go:302.3,303.16 2 0
daily-tasks/main.go:304.11,305.30 1 0
daily-tasks/main.go:305.30,308.4 2 0
daily-tasks/main.go:309.3,310.16 2 0
daily-tasks/main.go:311.11,312.30 1 0
daily-tasks/main.go:312.30,315.4 2 0
daily-tasks/main.go:316.3,317.16 2 0
daily-tasks/main.go:318.11,319.30 1 0
daily-tasks/main.go:319.30,322.4 2 0
daily-tasks/main.go:322.9,324.4 1 0
daily-tasks/main.go:325.3,325.16 1 0
daily-tasks/main.go:326.11,327.30 1 1
daily-tasks/main.go:327.30,329.4 1 0
daily-tasks/main.go:330.3,331.21 2 1
daily-tasks/main.go:331.21,333.4 1 1
daily-tasks/main.go:333.9,335.4 1 0
daily-tasks/main.go:336.3,337.16 2 1
daily-tasks/main.go:338.11,339.30 1 0
daily-tasks/main.go:339.30,341.4 1 0
daily-tasks/main.go:342.3,342.16 1 0
daily-tasks/main.go:343.11,344.30 1 0
daily-tasks/main.go:344.30,346.4 1 0
daily-tasks/main.go:347.3,347.16 1 0
daily-tasks/main.go:348.11,349.30 1 0
daily-tasks/main.go:349.30,351.4 1 0
daily-tasks/main.go:352.3,362.16 11 0
daily-tasks/main.go:363.11,364.28 1 0
daily-tasks/main.go:364.28,366.4 1 0
daily-tasks/main.go:367.3,368.46 2 0
daily-tasks/main.go:369.11,370.28 1 0
daily-tasks/main.go:370.28,372.4 1 0
daily-tasks/main.go:373.3,374.46 2 0
daily-tasks/main.go:375.11,377.16 2 0
daily-tasks/main.go:378.11,383.16 5 0
daily-tasks/main.go:384.11,386.15 2 0
daily-tasks/main.go:386.15,390.4 3 0
daily-tasks/main.go:391.3,391.16 1 0
daily-tasks/main.go:392.11,393.30 1 1
daily-tasks/main.go:393.30,395.4 1 0
daily-tasks/main.go:396.3,397.15 2 1
daily-tasks/main.go:397.15,399.4 1 0
daily-tasks/main.go:400.3,411.16 12 1
daily-tasks/main.go:412.11,413.30 1 0
daily-tasks/main.go:413.30,415.4 1 0
daily-tasks/main.go:416.3,417.15 2 0
daily-tasks/main.go:417.15,419.4 1 0
daily-tasks/main.go:420.3,424.16 5 0
daily-tasks/main.go:425.11,426.30 1 0
daily-tasks/main.go:426.30,428.4 1 0
daily-tasks/main.go:429.3,430.37 2 0
daily-tasks/main.go:430.37,432.4 1 0
daily-tasks/main.go:433.3,433.34 1 0
daily-tasks/main.go:433.34,436.4 2 0
daily-tasks/main.go:437.3,444.16 8 0
daily-tasks/main.go:445.20,446.30 1 1
daily-tasks/main.go:446.30,448.4 1 0
daily-tasks/main.go:449.3,450.15 2 1
daily-tasks/main.go:450.15,452.4 1 0
daily-tasks/main.go:453.3,453.34 1 1
daily-tasks/main.go:453.34,456.4 2 1
daily-tasks/main.go:457.3,459.25 3 1
daily-tasks/main.go:459.25,463.4 3 1
daily-tasks/main.go:463.9,465.4 1 0
daily-tasks/main.go:466.3,470.16 5 1
daily-tasks/main.go:471.11,472.30 1 0
daily-tasks/main.go:472.30,474.4 1 0
daily-tasks/main.go:475.3,475.34 1 0
daily-tasks/main.go:475.34,478.4 2 0
daily-tasks/main.go:479.3,481.39 3 0
daily-tasks/main.go:481.39,486.4 4 0
daily-tasks/main.go:487.3,487.16 1 0
daily-tasks/main.go:488.11,489.30 1 0
daily-tasks/main.go:489.30,491.4 1 0
daily-tasks/main.go:492.3,492.34 1 0
daily-tasks/main.go:492.34,495.4 2 0
daily-tasks/main.go:496.3,498.40 3 0
daily-tasks/main.go:498.40,503.4 4 0
daily-tasks/main.go:504.3,504.16 1 0
daily-tasks/main.go:505.11,506.30 1 0
daily-tasks/main.go:506.30,508.4 1 0
daily-tasks/main.go:509.3,509.34 1 0
daily-tasks/main.go:509.34,512.4 2 0
daily-tasks/main.go:513.3,516.56 4 0
daily-tasks/main.go:516.56,521.4 4 0
daily-tasks/main.go:522.3,522.16 1 0
daily-tasks/main.go:523.11,524.30 1 0
daily-tasks/main.go:524.30,526.4 1 0
daily-tasks/main.go:527.3,527.34 1 0
daily-tasks/main.go:527.34,530.4 2 0
daily-tasks/main.go:531.3,534.56 4 0
daily-tasks/main.go:534.56,539.4 4 0
daily-tasks/main.go:540.3,540.16 1 0
daily-tasks/main.go:543.2,545.15 3 0
daily-tasks/main.go:548.64,551.22 2 0
daily-tasks/main.go:552.13,555.16 3 0
daily-tasks/main.go:556.13,557.30 1 0
daily-tasks/main.go:557.30,558.21 1 0
daily-tasks/main.go:558.21,561.10 3 0
daily-tasks/main.go:564.3,564.16 1 0
daily-tasks/main.go:565.19,566.30 1 0
daily-tasks/main.go:566.30,567.21 1 0
daily-tasks/main.go:567.21,570.10 3 0
daily-tasks/main.go:573.3,573.16 1 0
daily-tasks/main.go:574.15,575.29 1 0
daily-tasks/main.go:575.29,579.4 3 0
daily-tasks/main.go:580.3,580.27 1 0
daily-tasks/main.go:580.27,584.4 3 0
daily-tasks/main.go:585.3,585.32 1 0
daily-tasks/main.go:585.32,589.4 3 0
daily-tasks/main.go:591.3,593.17 3 0
daily-tasks/main.go:593.17,596.4 2 0
daily-tasks/main.go:597.3,597.18 1 0
daily-tasks/main.go:597.18,600.4 2 0
daily-tasks/main.go:601.3,602.17 2 0
daily-tasks/main.go:602.17,605.4 2 0
daily-tasks/main.go:606.3,607.17 2 0
daily-tasks/main.go:607.17,610.4 2 0
daily-tasks/main.go:611.3,613.24 3 0
daily-tasks/main.go:613.24,624.4 2 0
daily-tasks/main.go:624.9,626.16 2 0
daily-tasks/main.go:626.16,631.5 4 0
daily-tasks/main.go:633.3,638.16 6 0
daily-tasks/main.go:641.2,642.28 2 0
daily-tasks/main.go:642.28,644.3 1 0
daily-tasks/main.go:644.8,644.33 1 0
daily-tasks/main.go:644.33,646.3 1 0
daily-tasks/main.go:646.8,646.38 1 0
daily-tasks/main.go:646.38,648.3 1 0
daily-tasks/main.go:648.8,650.3 1 0
daily-tasks/main.go:651.2,651.15 1 0
daily-tasks/main.go:654.73,655.22 1 0
daily-tasks/main.go:656.16,664.16 8 0
daily-tasks/main.go:665.23,668.16 3 0
daily-tasks/main.go:670.2,670.15 1 0
daily-tasks/main.go:673.30,682.29 5 1
daily-tasks/main.go:682.29,684.3 1 1
daily-tasks/main.go:685.2,701.75 4 1
daily-tasks/main.go:701.75,703.3 1 0
daily-tasks/main.go:704.2,704.17 1 1
daily-tasks/main.go:704.17,706.3 1 1
daily-tasks/main.go:707.2,707.12 1 1
daily-tasks/main.go:710.70,714.28 4 1
daily-tasks/main.go:714.28,716.3 1 0
daily-tasks/main.go:718.2,721.45 3 1
daily-tasks/main.go:721.45,723.51 2 1
daily-tasks/main.go:723.51,724.12 1 0
daily-tasks/main.go:726.3,728.55 3 1
daily-tasks/main.go:731.2,731.38 1 1
daily-tasks/main.go:734.59,735.16 1 1
daily-tasks/main.go:735.16,737.3 1 0
daily-tasks/main.go:738.2,739.39 2 1
daily-tasks/main.go:739.39,740.27 1 0
daily-tasks/main.go:740.27,742.4 1 0
daily-tasks/main.go:745.2,746.29 2 1
daily-tasks/main.go:746.29,749.24 3 1
daily-tasks/main.go:749.24,751.4 1 0
daily-tasks/main.go:752.3,752.28 1 1
daily-tasks/main.go:754.2,754.19 1 1
daily-tasks/main.go:757.43,773.46 7 1
daily-tasks/main.go:773.46,775.3 1 1
daily-tasks/main.go:775.8,777.3 1 1
daily-tasks/main.go:779.2,781.46 3 1
daily-tasks/main.go:781.46,783.3 1 1
daily-tasks/main.go:784.2,792.12 2 1
daily-tasks/main.go:795.38,796.26 1 1
daily-tasks/main.go:796.26,798.3 1 1
daily-tasks/main.go:799.2,801.20 3 1
daily-tasks/main.go:801.20,803.3 1 0
daily-tasks/main.go:804.2,805.29 2 1
daily-tasks/main.go:805.29,807.3 1 1
daily-tasks/main.go:808.2,814.23 3 1
daily-tasks/main.go:814.23,816.3 1 1
daily-tasks/main.go:817.2,820.97 2 0
daily-tasks/main.go:823.37,832.16 3 1
daily-tasks/main.go:833.15,834.51 1 0
daily-tasks/main.go:835.16,836.52 1 1
daily-tasks/main.go:837.25,838.54 1 0
daily-tasks/main.go:840.2,840.11 1 1
daily-tasks/main.go:843.46,865.20 5 1
daily-tasks/main.go:865.20,867.3 1 0
daily-tasks/main.go:868.2,868.34 1 1
daily-tasks/main.go:871.31,874.22 3 1
daily-tasks/main.go:874.22,876.3 1 0
daily-tasks/main.go:877.2,882.20 4 1
daily-tasks/main.go:882.20,884.3 1 0
daily-tasks/main.go:885.2,885.25 1 1
daily-tasks/main.go:885.25,887.3 1 1
daily-tasks/main.go:888.2,888.16 1 1
daily-tasks/main.go:891.29,895.50 4 1
daily-tasks/main.go:895.50,897.23 2 1
daily-tasks/main.go:897.23,899.34 2 1
daily-tasks/main.go:899.34,901.5 1 0
daily-tasks/main.go:902.4,902.26 1 1
daily-tasks/main.go:902.26,905.5 2 1
daily-tasks/main.go:907.3,907.164 1 1
daily-tasks/main.go:909.2,909.50 1 1
daily-tasks/main.go:909.50,912.3 2 1
daily-tasks/main.go:913.2,913.53 1 1
daily-tasks/main.go:913.53,916.3 2 0
daily-tasks/main.go:917.2,919.35 3 1
daily-tasks/main.go:922.69,925.62 3 1
daily-tasks/main.go:925.62,926.48 1 1
daily-tasks/main.go:926.48,928.4 1 1
daily-tasks/main.go:930.2,930.14 1 1
daily-tasks/main.go:933.41,935.2 1 1
daily-tasks/main.go:937.41,940.28 3 1
daily-tasks/main.go:940.28,942.3 1 0
daily-tasks/main.go:943.2,963.22 6 1
daily-tasks/main.go:963.22,970.3 1 0
daily-tasks/main.go:972.2,984.57 3 1
daily-tasks/main.go:984.57,992.3 1 1
daily-tasks/main.go:993.2,993.36 1 1
daily-tasks/main.go:993.36,995.3 1 0
daily-tasks/main.go:997.2,998.57 2 1
daily-tasks/main.go:998.57,1006.3 1 1
daily-tasks/main.go:1007.2,1007.36 1 1
daily-tasks/main.go:1007.36,1009.3 1 0
daily-tasks/main.go:1011.2,1040.4 4 1
daily-tasks/main.go:1043.47,1045.2 1 1
daily-tasks/main.go:1047.75,1049.36 2 1
daily-tasks/main.go:1049.36,1050.31 1 1
daily-tasks/main.go:1050.31,1051.12 1 0
daily-tasks/main.go:1053.3,1054.28 2 1
daily-tasks/main.go:1054.28,1056.4 1 1
daily-tasks/main.go:1058.2,1058.30 1 1
daily-tasks/main.go:1061.64,1062.21 1 1
daily-tasks/main.go:1062.21,1064.3 1 0
daily-tasks/main.go:1065.2,1066.9 2 1
daily-tasks/main.go:1067.31,1068.103 1 1
daily-tasks/main.go:1069.21,1070.91 1 0
daily-tasks/main.go:1071.21,1072.102 1 1
daily-tasks/main.go:1073.10,1074.87 1 1
daily-tasks/main.go:1078.47,1080.21 2 1
daily-tasks/main.go:1080.21,1082.3 1 0
daily-tasks/main.go:1083.2,1084.9 2 1
daily-tasks/main.go:1084.9,1086.3 1 0
daily-tasks/main.go:1087.2,1087.44 1 1
daily-tasks/main.go:1090.48,1091.21 1 1
daily-tasks/main.go:1091.21,1093.3 1 1
daily-tasks/main.go:1094.2,1095.40 2 1
daily-tasks/main.go:1098.31,1100.37 2 1
daily-tasks/main.go:1100.37,1104.3 3 1
daily-tasks/main.go:1107.56,1115.16 3 0
daily-tasks/main.go:1115.16,1118.3 2 0
daily-tasks/main.go:1119.2,1120.35 2 0
daily-tasks/main.go:1120.35,1121.80 1 0
daily-tasks/main.go:1121.80,1124.4 2 0
daily-tasks/main.go:1127.2,1131.25 5 0
daily-tasks/main.go:1131.25,1133.3 1 0
daily-tasks/main.go:1134.2,1134.22 1 0
daily-tasks/main.go:1134.22,1136.3 1 0
daily-tasks/main.go:1137.2,1137.13 1 0
daily-tasks/main.go:1140.31,1143.33 3 1
daily-tasks/main.go:1143.33,1145.3 1 0
daily-tasks/main.go:1148.29,1149.25 1 0
daily-tasks/main.go:1149.25,1151.3 1 0
daily-tasks/main.go:1152.2,1156.13 5 0
daily-tasks/main.go:1159.45,1163.2 3 1
daily-tasks/main.go:1165.32,1168.16 3 1
daily-tasks/main.go:1168.16,1172.3 3 0
daily-tasks/main.go:1173.2,1174.24 2 1
daily-tasks/main.go:1177.52,1179.16 2 1
daily-tasks/main.go:1180.12,1181.11 1 1
daily-tasks/main.go:1182.13,1183.12 1 0
daily-tasks/main.go:1184.14,1185.13 1 1
daily-tasks/main.go:1187.2,1189.61 3 1
daily-tasks/main.go:1192.40,1193.18 1 1
daily-tasks/main.go:1193.18,1195.3 1 1
daily-tasks/main.go:1196.2,1198.15 3 0
daily-tasks/main.go:1198.15,1200.3 1 0
daily-tasks/main.go:1201.2,1201.44 1 0
daily-tasks/main.go:1204.77,1205.24 1 1
daily-tasks/main.go:1205.24,1207.3 1 1
daily-tasks/main.go:1208.2,1208.31 1 0
daily-tasks/main.go:1211.93,1212.25 1 1
daily-tasks/main.go:1212.25,1214.3 1 1
daily-tasks/main.go:1215.2,1215.22 1 0
daily-tasks/main.go:1218.59,1220.30 2 1
daily-tasks/main.go:1220.30,1222.3 1 0
daily-tasks/main.go:1223.2,1226.46 4 1
daily-tasks/main.go:1226.46,1228.3 1 0
daily-tasks/main.go:1229.2,1229.108 1 1
daily-tasks/main.go:1232.46,1234.2 1 1
daily-tasks/main.go:1236.30,1238.25 2 1
daily-tasks/main.go:1238.25,1265.13 11 1
daily-tasks/main.go:1265.13,1273.4 1 1
daily-tasks/main.go:1273.9,1275.4 1 1
daily-tasks/main.go:1276.3,1279.29 4 1
daily-tasks/main.go:1285.63,1287.49 2 0
daily-tasks/main.go:1287.49,1288.39 1 0
daily-tasks/main.go:1288.39,1290.4 1 0
daily-tasks/main.go:1292.2,1292.16 1 0
daily-tasks/main.go:1297.63,1299.29 2 0
daily-tasks/main.go:1299.29,1300.35 1 0
daily-tasks/main.go:1300.35,1301.24 1 0
daily-tasks/main.go:1301.24,1303.5 1 0
daily-tasks/main.go:1304.4,1304.11 1 0
daily-tasks/main.go:1307.2,1307.10 1 0
daily-tasks/main.go:1310.49,1313.23 3 0
daily-tasks/main.go:1313.23,1315.3 1 0
daily-tasks/main.go:1316.2,1318.45 3 0
daily-tasks/main.go:1318.45,1320.3 1 0
daily-tasks/main.go:1321.2,1322.36 2 0
daily-tasks/main.go:1322.36,1324.3 1 0
daily-tasks/main.go:1325.2,1326.44 2 0
daily-tasks/main.go:1326.44,1328.3 1 0
daily-tasks/main.go:1329.2,1330.22 2 0
daily-tasks/main.go:1333.58,1335.14 2 0
daily-tasks/main.go:1335.14,1337.3 1 0
daily-tasks/main.go:1338.2,1341.16 4 0
daily-tasks/main.go:1344.70,1345.24 1 0
daily-tasks/main.go:1345.24,1347.17 2 0
daily-tasks/main.go:1347.17,1353.4 1 0
daily-tasks/main.go:1354.3,1354.56 1 0
daily-tasks/main.go:1354.56,1360.4 1 0
daily-tasks/main.go:1361.3,1362.24 2 0
daily-tasks/main.go:1362.24,1368.4 1 0
daily-tasks/main.go:1369.3,1370.39 2 0
daily-tasks/main.go:1374.65,1375.24 1 0
daily-tasks/main.go:1375.24,1377.17 2 0
daily-tasks/main.go:1377.17,1379.4 1 0
daily-tasks/main.go:1380.3,1380.56 1 0
daily-tasks/main.go:1380.56,1382.4 1 0
daily-tasks/main.go:1383.3,1384.24 2 0
daily-tasks/main.go:1384.24,1386.4 1 0
daily-tasks/main.go:1387.3,1388.33 2 0
daily-tasks/setup.go:10.39,12.16 2 1
daily-tasks/setup.go:12.16,14.3 1 0
daily-tasks/setup.go:15.2,15.39 1 1
daily-tasks/setup.go:15.39,17.3 1 1
daily-tasks/setup.go:18.2,18.90 1 1
daily-tasks/setup.go:21.49,23.16 2 0
daily-tasks/setup.go:23.16,25.3 1 0
daily-tasks/setup.go:26.2,26.55 1 0
daily-tasks/setup.go:26.55,28.3 1 0
daily-tasks/setup.go:29.2,29.47 1 0
daily-tasks/setup.go:29.47,31.3 1 0
daily-tasks/setup.go:32.2,32.35 1 0
daily-tasks/web.go:64.60,66.16 2 0
daily-tasks/web.go:66.16,68.3 1 0
daily-tasks/web.go:69.2,70.16 2 0
daily-tasks/web.go:70.16,72.3 1 0
daily-tasks/web.go:74.2,75.16 2 0
daily-tasks/web.go:75.16,77.3 1 0
daily-tasks/web.go:79.2,87.16 3 0
daily-tasks/web.go:87.16,89.3 1 0
daily-tasks/web.go:90.2,95.103 5 0
daily-tasks/web.go:95.103,97.3 1 0
daily-tasks/web.go:97.8,99.3 1 0
daily-tasks/web.go:101.2,107.16 2 0
daily-tasks/web.go:107.16,109.3 1 0
daily-tasks/web.go:111.2,112.12 2 0
daily-tasks/web.go:112.12,114.3 1 0
daily-tasks/web.go:116.2,120.9 4 0
daily-tasks/web.go:121.22,125.58 4 0
daily-tasks/web.go:125.58,127.4 1 0
daily-tasks/web.go:128.3,128.13 1 0
daily-tasks/web.go:129.22,130.43 1 0
daily-tasks/web.go:130.43,132.4 1 0
daily-tasks/web.go:133.3,133.13 1 0
daily-tasks/web.go:137.48,139.9 2 0
daily-tasks/web.go:139.9,141.3 1 0
daily-tasks/web.go:142.2,143.53 2 0
daily-tasks/web.go:143.53,145.3 1 0
daily-tasks/web.go:146.2,146.53 1 0
daily-tasks/web.go:149.30,151.22 2 0
daily-tasks/web.go:152.16,153.34 1 0
daily-tasks/web.go:154.17,155.69 1 0
daily-tasks/web.go:156.10,157.38 1 0
daily-tasks/web.go:159.2,159.17 1 0
daily-tasks/web.go:162.43,173.2 10 1
daily-tasks/web.go:175.73,176.32 1 1
daily-tasks/web.go:176.32,179.3 2 0
daily-tasks/web.go:180.2,180.31 1 1
daily-tasks/web.go:180.31,183.3 2 0
daily-tasks/web.go:185.2,188.16 4 1
daily-tasks/web.go:188.16,191.3 2 0
daily-tasks/web.go:192.2,192.36 1 1
daily-tasks/web.go:195.72,196.32 1 1
daily-tasks/web.go:196.32,199.3 2 0
daily-tasks/web.go:200.2,200.31 1 1
daily-tasks/web.go:200.31,203.3 2 0
daily-tasks/web.go:205.2,206.62 2 1
daily-tasks/web.go:206.62,209.3 2 0
daily-tasks/web.go:211.2,214.16 4 1
daily-tasks/web.go:214.16,217.3 2 0
daily-tasks/web.go:218.2,218.36 1 1
daily-tasks/web.go:221.72,222.33 1 1
daily-tasks/web.go:222.33,225.3 2 0
daily-tasks/web.go:226.2,226.31 1 1
daily-tasks/web.go:226.31,229.3 2 1
daily-tasks/web.go:231.2,232.16 2 0
daily-tasks/web.go:232.16,237.3 2 0
daily-tasks/web.go:239.2,241.16 3 0
daily-tasks/web.go:241.16,245.3 3 0
daily-tasks/web.go:246.2,246.57 1 0
daily-tasks/web.go:246.57,249.22 3 0
daily-tasks/web.go:249.22,252.4 2 0
daily-tasks/web.go:253.3,254.9 2 0
daily-tasks/web.go:256.2,257.16 2 0
daily-tasks/web.go:257.16,261.3 3 0
daily-tasks/web.go:263.2,264.30 2 0
daily-tasks/web.go:264.30,269.3 4 0
daily-tasks/web.go:271.2,271.91 1 0
daily-tasks/web.go:271.91,275.3 3 0
daily-tasks/web.go:276.2,276.73 1 0
daily-tasks/web.go:276.73,280.3 3 0
daily-tasks/web.go:282.2,284.16 3 0
daily-tasks/web.go:284.16,287.3 2 0
daily-tasks/web.go:288.2,288.36 1 0
daily-tasks/web.go:291.73,292.32 1 1
daily-tasks/web.go:292.32,295.3 2 0
daily-tasks/web.go:296.2,296.31 1 1
daily-tasks/web.go:296.31,299.3 2 0
daily-tasks/web.go:301.2,306.16 5 1
daily-tasks/web.go:306.16,310.3 3 0
daily-tasks/web.go:311.2,313.16 3 1
daily-tasks/web.go:313.16,316.3 2 0
daily-tasks/web.go:317.2,317.61 1 1
daily-tasks/web.go:320.78,321.33 1 1
daily-tasks/web.go:321.33,324.3 2 1
daily-tasks/web.go:326.2,329.16 4 1
daily-tasks/web.go:329.16,332.3 2 0
daily-tasks/web.go:333.2,333.72 1 1
daily-tasks/web.go:336.87,337.33 1 1
daily-tasks/web.go:337.33,340.3 2 1
daily-tasks/web.go:342.2,345.65 2 0
daily-tasks/web.go:345.65,348.3 2 0
daily-tasks/web.go:350.2,351.16 2 0
daily-tasks/web.go:351.16,354.3 2 0
daily-tasks/web.go:356.2,364.4 5 0
daily-tasks/web.go:367.86,368.32 1 1
daily-tasks/web.go:368.32,371.3 2 1
daily-tasks/web.go:373.2,374.21 2 1
daily-tasks/web.go:374.21,377.3 2 1
daily-tasks/web.go:379.2,382.9 4 1
daily-tasks/web.go:382.9,385.3 2 1
daily-tasks/web.go:387.2,388.16 2 0
daily-tasks/web.go:388.16,391.3 2 0
daily-tasks/web.go:392.2,392.15 1 0
daily-tasks/web.go:392.15,395.3 2 0
daily-tasks/web.go:397.2,401.16 5 0
daily-tasks/web.go:401.16,404.3 2 0
daily-tasks/web.go:405.2,405.71 1 0
daily-tasks/web.go:408.46,411.71 2 1
daily-tasks/web.go:411.71,412.45 1 1
daily-tasks/web.go:412.45,415.4 2 1
daily-tasks/web.go:416.3,416.64 1 1
daily-tasks/web.go:416.64,419.4 2 1
daily-tasks/web.go:420.3,420.32 1 1
daily-tasks/web.go:420.32,423.4 2 1
daily-tasks/web.go:425.3,426.46 2 1
daily-tasks/web.go:426.46,428.4 1 1
daily-tasks/web.go:430.3,430.61 1 1
daily-tasks/web.go:430.61,433.4 2 1
daily-tasks/web.go:435.3,437.34 3 0
daily-tasks/web.go:441.61,443.16 2 1
daily-tasks/web.go:443.16,445.3 1 0
daily-tasks/web.go:446.2,447.35 2 1
daily-tasks/web.go:447.35,448.80 1 1
daily-tasks/web.go:448.80,450.4 1 0
daily-tasks/web.go:451.3,452.17 2 1
daily-tasks/web.go:452.17,454.4 1 0
daily-tasks/web.go:456.2,456.18 1 1
daily-tasks/web.go:459.90,461.16 2 1
daily-tasks/web.go:461.16,463.3 1 0
daily-tasks/web.go:464.2,464.52 1 1
daily-tasks/web.go:467.82,469.16 2 1
daily-tasks/web.go:469.16,471.3 1 0
daily-tasks/web.go:473.2,475.80 3 1
daily-tasks/web.go:475.80,477.3 1 0
daily-tasks/web.go:478.2,478.56 1 1
daily-tasks/web.go:481.96,485.69 4 1
daily-tasks/web.go:485.69,486.17 1 1
daily-tasks/web.go:486.17,488.4 1 1
daily-tasks/web.go:489.3,490.47 2 1
daily-tasks/web.go:490.47,496.4 1 1
daily-tasks/web.go:498.2,508.3 1 1
daily-tasks/web.go:511.49,514.2 2 1
daily-tasks/web.go:516.59,615.2 2 1
daily-tasks/web.go:617.31,619.45 2 0
daily-tasks/web.go:619.45,621.3 1 0
daily-tasks/web.go:622.2,622.35 1 0
daily-tasks/web.go:625.62,629.2 3 1
daily-tasks/web.go:631.70,634.2 2 1
